interactions:
- request:
    body: '{"query": {"multi_match": {"query": "nancy.mccoy@example.com", "fields":
      ["name", "description"]}}, "_source": {"exclude": ["*"]}}'
    headers:
      connection: [keep-alive]
      content-type: [application/json]
    method: GET
    uri: http://search:9200/storefront/doc/_search
  response:
    body: {string: '{"took":0,"timed_out":false,"_shards":{"total":1,"successful":1,"failed":0},"hits":{"total":0,"max_score":null,"hits":[]}}'}
    headers:
      Warning: ['299 Elasticsearch-5.4.3-eed30a8 "Deprecated field [exclude] used,
          expected [excludes] instead" "Thu, 16 Nov 2017 09:44:26 GMT"']
      content-length: ['122']
      content-type: [application/json; charset=UTF-8]
    status: {code: 200, message: OK}
- request:
    body: '{"query": {"multi_match": {"query": "nancy.mccoy@example.com", "fields":
      ["user", "status", "discount_name"]}}, "_source": {"exclude": ["*"]}}'
    headers:
      connection: [keep-alive]
      content-type: [application/json]
    method: GET
    uri: http://search:9200/orders/doc/_search
  response:
    body: {string: '{"took":1,"timed_out":false,"_shards":{"total":1,"successful":1,"failed":0},"hits":{"total":0,"max_score":null,"hits":[]}}'}
    headers:
      Warning: ['299 Elasticsearch-5.4.3-eed30a8 "Deprecated field [exclude] used,
          expected [excludes] instead" "Thu, 16 Nov 2017 09:44:26 GMT"']
      content-length: ['122']
      content-type: [application/json; charset=UTF-8]
    status: {code: 200, message: OK}
- request:
    body: '{"query": {"multi_match": {"query": "nancy.mccoy@example.com", "type":
      "cross_fields", "operator": "and", "fields": ["user", "email", "first_name",
      "last_name"]}}, "_source": {"exclude": ["*"]}}'
    headers:
      connection: [keep-alive]
      content-type: [application/json]
    method: GET
    uri: http://search:9200/users/doc/_search
  response:
    body: {string: '{"took":3,"timed_out":false,"_shards":{"total":1,"successful":1,"failed":0},"hits":{"total":1,"max_score":5.115776,"hits":[{"_index":"users","_type":"doc","_id":"109","_score":5.115776,"_source":{}}]}}'}
    headers:
      Warning: ['299 Elasticsearch-5.4.3-eed30a8 "Deprecated field [exclude] used,
          expected [excludes] instead" "Thu, 16 Nov 2017 09:44:26 GMT"']
      content-length: ['211']
      content-type: [application/json; charset=UTF-8]
    status: {code: 200, message: OK}
version: 1
